{
  "meta": {
    "coverage": {
      "actual_delay_minutes": null,
      "brt_coverage": "Long suspensions only; other BRT lateness is outside this reporting coverage.",
      "english_delay_threshold": "anticipated or actual delay in excess of 30 minutes",
      "japanese_delay_threshold": "anticipated or actual delay of 30 minutes or more",
      "normal_label_meaning": "General source label; does not establish zero delay or an individual train's punctuality.",
      "reporting_hours": "04:00–02:00 following day JST",
      "reporting_service_day": "2026-10-02",
      "reporting_state": "outside_reporting_hours",
      "source_url": "https://traininfo.jreast.co.jp/train_info/e/",
      "threshold_language_difference": true,
      "timezone": "Asia/Tokyo (UTC+09:00)"
    },
    "fetch_failures": [],
    "max_requests": 4,
    "note": "Reporting is closed. Identity comes from the bundled source catalogue; no line-specific operational conclusion is available.",
    "observed_at": "2026-10-03T02:18:13+09:00",
    "request_count": 1,
    "source": "live",
    "sources": [
      {
        "age_seconds": 13,
        "freshness": "fresh",
        "language": "ja",
        "observed_at": "2026-10-03T02:18:13+09:00",
        "reporting_state": "outside_reporting_hours",
        "scanned_rows": 0,
        "source_updated_at": "2026-10-03T02:18:00+09:00",
        "url": "https://traininfo.jreast.co.jp/train_info/shinkansen.aspx"
      }
    ],
    "truncated": false
  },
  "results": [
    {
      "actual_delay_minutes": null,
      "assessment": "outside_reporting_hours",
      "english_identity_mapped": false,
      "id": "shinkansen:tohokushinkansen",
      "identity_source": "bundled_source_catalogue",
      "name_en": "Tōhoku Shinkansen",
      "name_ja": "東北新幹線",
      "notice_fact_count": 0,
      "notices": null,
      "region": "shinkansen",
      "reported_statuses": [],
      "source_en": "https://traininfo.jreast.co.jp/train_info/e/shinkansen.aspx",
      "source_groups": [],
      "source_id": "tohokushinkansen",
      "source_ja": "https://traininfo.jreast.co.jp/train_info/shinkansen.aspx",
      "status_language_conflict": false
    }
  ]
}
