{
  "meta": {
    "source": "live",
    "observed_at": "2026-10-03T01:37:57+09:00",
    "coverage": {
      "timezone": "Asia/Tokyo (UTC+09:00)",
      "reporting_hours": "04:00–02:00 following day JST",
      "reporting_state": "open",
      "reporting_service_day": "2026-10-02",
      "english_delay_threshold": "anticipated or actual delay in excess of 30 minutes",
      "japanese_delay_threshold": "anticipated or actual delay of 30 minutes or more",
      "threshold_language_difference": true,
      "actual_delay_minutes": null,
      "normal_label_meaning": "General source label; does not establish zero delay or an individual train's punctuality.",
      "brt_coverage": "Long suspensions only; other BRT lateness is outside this reporting coverage.",
      "source_url": "https://traininfo.jreast.co.jp/train_info/e/"
    },
    "request_count": 2,
    "max_requests": 2,
    "sources": [
      {
        "url": "https://traininfo.jreast.co.jp/train_info/chyokyori.aspx",
        "language": "ja",
        "observed_at": "2026-10-03T01:37:57+09:00",
        "source_updated_at": "2026-10-03T01:37:00+09:00",
        "freshness": "fresh",
        "age_seconds": 57,
        "reporting_state": "open",
        "scanned_rows": 13
      },
      {
        "url": "https://traininfo.jreast.co.jp/train_info/e/chyokyori.aspx",
        "language": "en",
        "observed_at": "2026-10-03T01:37:57+09:00",
        "source_updated_at": "2026-10-03T01:37:00+09:00",
        "freshness": "fresh",
        "age_seconds": 57,
        "reporting_state": "open",
        "scanned_rows": 13
      }
    ],
    "fetch_failures": [],
    "truncated": false
  },
  "results": [
    {
      "identity_source": "live_source",
      "id": "express:nex",
      "source_id": "nex",
      "region": "express",
      "name_ja": "成田エクスプレス",
      "name_en": "NEX",
      "source_groups": [],
      "reported_statuses": [
        "normal_label"
      ],
      "assessment": "normal_label_only",
      "actual_delay_minutes": null,
      "status_language_conflict": false,
      "english_identity_mapped": true,
      "notice_fact_count": 0,
      "notices": null,
      "source_ja": "https://traininfo.jreast.co.jp/train_info/express.aspx?group=nex",
      "source_en": "https://traininfo.jreast.co.jp/train_info/e/express.aspx?group=nex"
    },
    {
      "identity_source": "live_source",
      "id": "express:hitachi_tokiwa",
      "source_id": "hitachi_tokiwa",
      "region": "express",
      "name_ja": "ひたち・ときわ",
      "name_en": "HITACHI,TOKIWA",
      "source_groups": [],
      "reported_statuses": [
        "normal_label"
      ],
      "assessment": "normal_label_only",
      "actual_delay_minutes": null,
      "status_language_conflict": false,
      "english_identity_mapped": true,
      "notice_fact_count": 0,
      "notices": null,
      "source_ja": "https://traininfo.jreast.co.jp/train_info/express.aspx?group=hitachi_tokiwa",
      "source_en": "https://traininfo.jreast.co.jp/train_info/e/express.aspx?group=hitachi_tokiwa"
    },
    {
      "identity_source": "live_source",
      "id": "express:azusa_kaiji_fujiexcursion",
      "source_id": "azusa_kaiji_fujiexcursion",
      "region": "express",
      "name_ja": "あずさ・かいじ・富士回遊",
      "name_en": "Azusa,Kaiji,FUJI EXCURSION",
      "source_groups": [],
      "reported_statuses": [
        "normal_label"
      ],
      "assessment": "normal_label_only",
      "actual_delay_minutes": null,
      "status_language_conflict": false,
      "english_identity_mapped": true,
      "notice_fact_count": 0,
      "notices": null,
      "source_ja": "https://traininfo.jreast.co.jp/train_info/express.aspx?group=azusa_kaiji_fujiexcursion",
      "source_en": "https://traininfo.jreast.co.jp/train_info/e/express.aspx?group=azusa_kaiji_fujiexcursion"
    },
    {
      "identity_source": "live_source",
      "id": "express:shinano",
      "source_id": "shinano",
      "region": "express",
      "name_ja": "しなの",
      "name_en": "Shinano",
      "source_groups": [],
      "reported_statuses": [
        "normal_label"
      ],
      "assessment": "normal_label_only",
      "actual_delay_minutes": null,
      "status_language_conflict": false,
      "english_identity_mapped": true,
      "notice_fact_count": 0,
      "notices": null,
      "source_ja": "https://traininfo.jreast.co.jp/train_info/express.aspx?group=shinano",
      "source_en": "https://traininfo.jreast.co.jp/train_info/e/express.aspx?group=shinano"
    },
    {
      "identity_source": "live_source",
      "id": "express:wakashio_sazamani",
      "source_id": "wakashio_sazamani",
      "region": "express",
      "name_ja": "わかしお・さざなみ",
      "name_en": "Wakashio,Sazanami",
      "source_groups": [],
      "reported_statuses": [
        "cancelled"
      ],
      "assessment": "reported_cancelled",
      "actual_delay_minutes": null,
      "status_language_conflict": false,
      "english_identity_mapped": true,
      "notice_fact_count": 2,
      "notices": null,
      "source_ja": "https://traininfo.jreast.co.jp/train_info/express.aspx?group=wakashio_sazamani#suspension_info",
      "source_en": "https://traininfo.jreast.co.jp/train_info/e/express.aspx?group=wakashio_sazamani"
    },
    {
      "identity_source": "live_source",
      "id": "express:shiosai",
      "source_id": "shiosai",
      "region": "express",
      "name_ja": "しおさい",
      "name_en": "Shiosai",
      "source_groups": [],
      "reported_statuses": [
        "partial_cancellation"
      ],
      "assessment": "reported_partial_cancellation",
      "actual_delay_minutes": null,
      "status_language_conflict": false,
      "english_identity_mapped": true,
      "notice_fact_count": 2,
      "notices": null,
      "source_ja": "https://traininfo.jreast.co.jp/train_info/express.aspx?group=shiosai#suspension_info",
      "source_en": "https://traininfo.jreast.co.jp/train_info/e/express.aspx?group=shiosai"
    },
    {
      "identity_source": "live_source",
      "id": "express:nikko_kinugawa",
      "source_id": "nikko_kinugawa",
      "region": "express",
      "name_ja": "日光・きぬがわ",
      "name_en": "Nikko,Kinugawa",
      "source_groups": [],
      "reported_statuses": [
        "normal_label"
      ],
      "assessment": "normal_label_only",
      "actual_delay_minutes": null,
      "status_language_conflict": false,
      "english_identity_mapped": true,
      "notice_fact_count": 0,
      "notices": null,
      "source_ja": "https://traininfo.jreast.co.jp/train_info/express.aspx?group=nikko_kinugawa",
      "source_en": "https://traininfo.jreast.co.jp/train_info/e/express.aspx?group=nikko_kinugawa"
    },
    {
      "identity_source": "live_source",
      "id": "express:kusatsu_shima_akagi",
      "source_id": "kusatsu_shima_akagi",
      "region": "express",
      "name_ja": "草津・四万・あかぎ",
      "name_en": "Akagi,Kusatsu,Shima",
      "source_groups": [],
      "reported_statuses": [
        "normal_label"
      ],
      "assessment": "normal_label_only",
      "actual_delay_minutes": null,
      "status_language_conflict": false,
      "english_identity_mapped": true,
      "notice_fact_count": 0,
      "notices": null,
      "source_ja": "https://traininfo.jreast.co.jp/train_info/express.aspx?group=kusatsu_shima_akagi",
      "source_en": "https://traininfo.jreast.co.jp/train_info/e/express.aspx?group=kusatsu_shima_akagi"
    },
    {
      "identity_source": "live_source",
      "id": "express:odoriko_shonan",
      "source_id": "odoriko_shonan",
      "region": "express",
      "name_ja": "踊り子・湘南",
      "name_en": "Odoriko,Shonan",
      "source_groups": [],
      "reported_statuses": [
        "normal_label"
      ],
      "assessment": "normal_label_only",
      "actual_delay_minutes": null,
      "status_language_conflict": false,
      "english_identity_mapped": true,
      "notice_fact_count": 0,
      "notices": null,
      "source_ja": "https://traininfo.jreast.co.jp/train_info/express.aspx?group=odoriko_shonan",
      "source_en": "https://traininfo.jreast.co.jp/train_info/e/express.aspx?group=odoriko_shonan"
    },
    {
      "identity_source": "live_source",
      "id": "express:inaho_shirayuki",
      "source_id": "inaho_shirayuki",
      "region": "express",
      "name_ja": "いなほ・しらゆき",
      "name_en": "Inaho,Shirayuki",
      "source_groups": [],
      "reported_statuses": [
        "normal_label"
      ],
      "assessment": "normal_label_only",
      "actual_delay_minutes": null,
      "status_language_conflict": false,
      "english_identity_mapped": true,
      "notice_fact_count": 0,
      "notices": null,
      "source_ja": "https://traininfo.jreast.co.jp/train_info/express.aspx?group=inaho_shirayuki",
      "source_en": "https://traininfo.jreast.co.jp/train_info/e/express.aspx?group=inaho_shirayuki"
    },
    {
      "identity_source": "live_source",
      "id": "express:tsugaru",
      "source_id": "tsugaru",
      "region": "express",
      "name_ja": "つがる",
      "name_en": "Tsugaru",
      "source_groups": [],
      "reported_statuses": [
        "normal_label"
      ],
      "assessment": "normal_label_only",
      "actual_delay_minutes": null,
      "status_language_conflict": false,
      "english_identity_mapped": true,
      "notice_fact_count": 0,
      "notices": null,
      "source_ja": "https://traininfo.jreast.co.jp/train_info/express.aspx?group=tsugaru",
      "source_en": "https://traininfo.jreast.co.jp/train_info/e/express.aspx?group=tsugaru"
    },
    {
      "identity_source": "live_source",
      "id": "express:sunriseseto_izumo",
      "source_id": "sunriseseto_izumo",
      "region": "express",
      "name_ja": "サンライズ瀬戸・出雲",
      "name_en": "Sunrise Seto,Izumo",
      "source_groups": [],
      "reported_statuses": [
        "normal_label"
      ],
      "assessment": "normal_label_only",
      "actual_delay_minutes": null,
      "status_language_conflict": false,
      "english_identity_mapped": true,
      "notice_fact_count": 0,
      "notices": null,
      "source_ja": "https://traininfo.jreast.co.jp/train_info/express.aspx?group=sunriseseto_izumo",
      "source_en": "https://traininfo.jreast.co.jp/train_info/e/express.aspx?group=sunriseseto_izumo"
    },
    {
      "identity_source": "live_source",
      "id": "express:other",
      "source_id": "other",
      "region": "express",
      "name_ja": "臨時列車",
      "name_en": "Special train",
      "source_groups": [],
      "reported_statuses": [
        "normal_label"
      ],
      "assessment": "normal_label_only",
      "actual_delay_minutes": null,
      "status_language_conflict": false,
      "english_identity_mapped": true,
      "notice_fact_count": 0,
      "notices": null,
      "source_ja": "https://traininfo.jreast.co.jp/train_info/express.aspx?group=other",
      "source_en": "https://traininfo.jreast.co.jp/train_info/e/express.aspx?group=other"
    }
  ]
}
