{
  "meta": {
    "coverage": {
      "actual_delay_minutes": null,
      "brt_coverage": "Long suspensions only; other BRT lateness is outside this reporting coverage.",
      "english_delay_threshold": "anticipated or actual delay in excess of 30 minutes",
      "japanese_delay_threshold": "anticipated or actual delay of 30 minutes or more",
      "normal_label_meaning": "General source label; does not establish zero delay or an individual train's punctuality.",
      "reporting_hours": "04:00–02:00 following day JST",
      "reporting_service_day": "2026-10-02",
      "reporting_state": "open",
      "source_url": "https://traininfo.jreast.co.jp/train_info/e/",
      "threshold_language_difference": true,
      "timezone": "Asia/Tokyo (UTC+09:00)"
    },
    "fetch_failures": [],
    "max_requests": 1,
    "note": "Local conventional trains only, approximately five-minute-plus delays. Publication follows confirmation near 07:00/10:00/16:00/21:00 and 02:00 following day JST; a missing link is not a zero-delay proof. Confirm travelled section at section_coverage_url.",
    "observed_at": "2026-10-03T01:38:24+09:00",
    "request_count": 1,
    "source": "live",
    "sources": [
      {
        "age_seconds": 2004,
        "freshness": "stale",
        "language": "ja",
        "observed_at": "2026-10-03T01:38:24+09:00",
        "reporting_state": "open",
        "scanned_rows": 17,
        "source_updated_at": "2026-10-03T01:05:00+09:00",
        "url": "https://traininfo.jreast.co.jp/delay_certificate/"
      }
    ],
    "truncated": false
  },
  "results": [
    {
      "english_source_url": "https://traininfo.jreast.co.jp/delay_certificate/e/",
      "meaning": "Maximum delay on the covered route/time slot, rounded by the source; does not establish individual train delay or boarding.",
      "name_ja": "山手線",
      "published_slot_count": 4,
      "section_coverage_url": "https://traininfo.jreast.co.jp/delay_certificate/e/rosen.html",
      "slots": [
        {
          "actual_train_delay_minutes": null,
          "display_delay_minutes": 10,
          "display_is_lower_bound": false,
          "publication_state": "published",
          "published_url": "https://traininfo.jreast.co.jp/delay_certificate/pop.aspx?D=20261002\u0026R=05\u0026T=02",
          "slot_id": "02",
          "slot_window_jst": "07:00–10:00",
          "source_date_jst": "2026-10-02"
        }
      ],
      "source_certificate_code": "05",
      "source_line_ids": [
        "yamanoteline"
      ],
      "source_url": "https://traininfo.jreast.co.jp/delay_certificate/"
    }
  ]
}
