{
  "meta": {
    "source": "live",
    "observed_at": "2026-10-03T01:38:16+09:00",
    "coverage": {
      "timezone": "Asia/Tokyo (UTC+09:00)",
      "reporting_hours": "04:00–02:00 following day JST",
      "reporting_state": "open",
      "reporting_service_day": "2026-10-02",
      "english_delay_threshold": "anticipated or actual delay in excess of 30 minutes",
      "japanese_delay_threshold": "anticipated or actual delay of 30 minutes or more",
      "threshold_language_difference": true,
      "actual_delay_minutes": null,
      "normal_label_meaning": "General source label; does not establish zero delay or an individual train's punctuality.",
      "brt_coverage": "Long suspensions only; other BRT lateness is outside this reporting coverage.",
      "source_url": "https://traininfo.jreast.co.jp/train_info/e/"
    },
    "request_count": 3,
    "max_requests": 3,
    "sources": [
      {
        "url": "https://traininfo.jreast.co.jp/train_info/kanto.aspx",
        "language": "ja",
        "observed_at": "2026-10-03T01:38:16+09:00",
        "source_updated_at": "2026-10-03T01:37:00+09:00",
        "freshness": "fresh",
        "age_seconds": 76,
        "reporting_state": "open",
        "scanned_rows": 59
      },
      {
        "url": "https://traininfo.jreast.co.jp/train_info/e/kanto.aspx",
        "language": "en",
        "observed_at": "2026-10-03T01:38:16+09:00",
        "source_updated_at": "2026-10-03T01:37:00+09:00",
        "freshness": "fresh",
        "age_seconds": 76,
        "reporting_state": "open",
        "scanned_rows": 59
      },
      {
        "url": "https://www.jreast.co.jp/suspend/",
        "language": "ja",
        "observed_at": "2026-10-03T01:38:16+09:00",
        "freshness": "missing_timestamp",
        "age_seconds": null,
        "reporting_state": "planned_notice_page",
        "scanned_rows": 0
      }
    ],
    "fetch_failures": [],
    "note": "Dates/times are source expressions in Japan local time. Calendar year stays unknown when absent; current service and scheduled work are separate. Complex schedules and changes require the official handoff.",
    "truncated": false
  },
  "results": [
    {
      "line_notice_facts": [
        {
          "affected_scope": "unknown",
          "resumption_estimated_minimum_months": null,
          "resumption_is_estimate": false,
          "source_group_id": "direction_chuo",
          "status": "notice",
          "source_label": "お知らせ",
          "language": "ja",
          "direction": "both",
          "affected_sections": [
            {
              "from": "小淵沢",
              "to": "小海",
              "language": "ja"
            }
          ],
          "cause": "日中時間帯の作業・工事",
          "planned_work": true,
          "source_date_expressions": [
            "10月13日（火）～15日（木）",
            "11月17日（火）～19日（木）",
            "12月15日（火）～17日（木）"
          ],
          "calendar_year": null,
          "start_time_local": "09:30",
          "end_time_local": "15:00",
          "time_approximate": true,
          "replacement_transport": "not_provided",
          "source_url": "https://traininfo.jreast.co.jp/train_info/line.aspx?gid=1\u0026lineid=koumiline"
        }
      ],
      "line_id": "kanto:koumiline",
      "source_title": "小海線 保守工事に伴う列車の運休について",
      "source_date_expressions": [
        "10月13日（火）～15日（木）",
        "11月17日（火）～19日（木）",
        "12月15日（火）～17日（木）"
      ],
      "calendar_year": null,
      "source_table_facts": [
        [
          "10月13日（火）～15日（木） 11月17日（火）～19日（木） 12月15日（火）～17日（木）",
          "小淵沢～小海間"
        ]
      ],
      "replacement_transport": "not_provided",
      "source_url": "https://www.jreast.co.jp/suspend/",
      "schedule_guarantee": false
    }
  ]
}
