{
  "meta": {
    "source": "live",
    "observed_at": "2026-10-03T01:38:25+09:00",
    "coverage": {
      "timezone": "Asia/Tokyo (UTC+09:00)",
      "reporting_hours": "04:00–02:00 following day JST",
      "reporting_state": "open",
      "reporting_service_day": "2026-10-02",
      "english_delay_threshold": "anticipated or actual delay in excess of 30 minutes",
      "japanese_delay_threshold": "anticipated or actual delay of 30 minutes or more",
      "threshold_language_difference": true,
      "actual_delay_minutes": null,
      "normal_label_meaning": "General source label; does not establish zero delay or an individual train's punctuality.",
      "brt_coverage": "Long suspensions only; other BRT lateness is outside this reporting coverage.",
      "source_url": "https://traininfo.jreast.co.jp/train_info/e/"
    },
    "request_count": 1,
    "max_requests": 1,
    "sources": [
      {
        "url": "https://traininfo.jreast.co.jp/delay_certificate/",
        "language": "ja",
        "observed_at": "2026-10-03T01:38:25+09:00",
        "source_updated_at": "2026-10-03T01:05:00+09:00",
        "freshness": "stale",
        "age_seconds": 2005,
        "reporting_state": "open",
        "scanned_rows": 17
      }
    ],
    "fetch_failures": [],
    "note": "This current table does not contain the requested native line/name. Other coverage or prior dates require the official certificate/DOKOTORE handoff; no delay conclusion is established.",
    "truncated": false
  },
  "results": []
}
