{
  "meta": {
    "source": "live",
    "observed_at": "2026-10-03T01:37:57+09:00",
    "coverage": {
      "timezone": "Asia/Tokyo (UTC+09:00)",
      "reporting_hours": "04:00–02:00 following day JST",
      "reporting_state": "open",
      "reporting_service_day": "2026-10-02",
      "english_delay_threshold": "anticipated or actual delay in excess of 30 minutes",
      "japanese_delay_threshold": "anticipated or actual delay of 30 minutes or more",
      "threshold_language_difference": true,
      "actual_delay_minutes": null,
      "normal_label_meaning": "General source label; does not establish zero delay or an individual train's punctuality.",
      "brt_coverage": "Long suspensions only; other BRT lateness is outside this reporting coverage.",
      "source_url": "https://traininfo.jreast.co.jp/train_info/e/"
    },
    "request_count": 2,
    "max_requests": 2,
    "sources": [
      {
        "url": "https://traininfo.jreast.co.jp/train_info/shinkansen.aspx",
        "language": "ja",
        "observed_at": "2026-10-03T01:37:57+09:00",
        "source_updated_at": "2026-10-03T01:37:00+09:00",
        "freshness": "fresh",
        "age_seconds": 57,
        "reporting_state": "open",
        "scanned_rows": 5
      },
      {
        "url": "https://traininfo.jreast.co.jp/train_info/e/shinkansen.aspx",
        "language": "en",
        "observed_at": "2026-10-03T01:37:57+09:00",
        "source_updated_at": "2026-10-03T01:37:00+09:00",
        "freshness": "fresh",
        "age_seconds": 57,
        "reporting_state": "open",
        "scanned_rows": 5
      }
    ],
    "fetch_failures": [],
    "truncated": false
  },
  "results": [
    {
      "identity_source": "live_source",
      "id": "shinkansen:tohokushinkansen",
      "source_id": "tohokushinkansen",
      "region": "shinkansen",
      "name_ja": "東北新幹線",
      "name_en": "Tōhoku Shinkansen",
      "source_groups": [],
      "reported_statuses": [
        "normal_label"
      ],
      "assessment": "normal_label_only",
      "actual_delay_minutes": null,
      "status_language_conflict": false,
      "english_identity_mapped": true,
      "notice_fact_count": 0,
      "notices": null,
      "source_ja": "https://traininfo.jreast.co.jp/train_info/shinkansen.aspx",
      "source_en": "https://traininfo.jreast.co.jp/train_info/e/shinkansen.aspx"
    },
    {
      "identity_source": "live_source",
      "id": "shinkansen:yamagatashinkansen",
      "source_id": "yamagatashinkansen",
      "region": "shinkansen",
      "name_ja": "山形新幹線",
      "name_en": "Yamagata Shinkansen",
      "source_groups": [],
      "reported_statuses": [
        "normal_label"
      ],
      "assessment": "normal_label_only",
      "actual_delay_minutes": null,
      "status_language_conflict": false,
      "english_identity_mapped": true,
      "notice_fact_count": 0,
      "notices": null,
      "source_ja": "https://traininfo.jreast.co.jp/train_info/shinkansen.aspx",
      "source_en": "https://traininfo.jreast.co.jp/train_info/e/shinkansen.aspx"
    },
    {
      "identity_source": "live_source",
      "id": "shinkansen:akitashinkansen",
      "source_id": "akitashinkansen",
      "region": "shinkansen",
      "name_ja": "秋田新幹線",
      "name_en": "Akita Shinkansen",
      "source_groups": [],
      "reported_statuses": [
        "normal_label"
      ],
      "assessment": "normal_label_only",
      "actual_delay_minutes": null,
      "status_language_conflict": false,
      "english_identity_mapped": true,
      "notice_fact_count": 0,
      "notices": null,
      "source_ja": "https://traininfo.jreast.co.jp/train_info/shinkansen.aspx",
      "source_en": "https://traininfo.jreast.co.jp/train_info/e/shinkansen.aspx"
    },
    {
      "identity_source": "live_source",
      "id": "shinkansen:hokurikushinkansen",
      "source_id": "hokurikushinkansen",
      "region": "shinkansen",
      "name_ja": "北陸新幹線",
      "name_en": "Hokuriku Shinkansen",
      "source_groups": [],
      "reported_statuses": [
        "normal_label"
      ],
      "assessment": "normal_label_only",
      "actual_delay_minutes": null,
      "status_language_conflict": false,
      "english_identity_mapped": true,
      "notice_fact_count": 0,
      "notices": null,
      "source_ja": "https://traininfo.jreast.co.jp/train_info/shinkansen.aspx",
      "source_en": "https://traininfo.jreast.co.jp/train_info/e/shinkansen.aspx"
    },
    {
      "identity_source": "live_source",
      "id": "shinkansen:joetsushinkansen",
      "source_id": "joetsushinkansen",
      "region": "shinkansen",
      "name_ja": "上越新幹線",
      "name_en": "Jōetsu Shinkansen",
      "source_groups": [],
      "reported_statuses": [
        "normal_label"
      ],
      "assessment": "normal_label_only",
      "actual_delay_minutes": null,
      "status_language_conflict": false,
      "english_identity_mapped": true,
      "notice_fact_count": 0,
      "notices": null,
      "source_ja": "https://traininfo.jreast.co.jp/train_info/shinkansen.aspx",
      "source_en": "https://traininfo.jreast.co.jp/train_info/e/shinkansen.aspx"
    }
  ]
}
