{
  "meta": {
    "source": "live",
    "observed_at": "2026-10-03T01:38:22+09:00",
    "coverage": {
      "timezone": "Asia/Tokyo (UTC+09:00)",
      "reporting_hours": "04:00–02:00 following day JST",
      "reporting_state": "open",
      "reporting_service_day": "2026-10-02",
      "english_delay_threshold": "anticipated or actual delay in excess of 30 minutes",
      "japanese_delay_threshold": "anticipated or actual delay of 30 minutes or more",
      "threshold_language_difference": true,
      "actual_delay_minutes": null,
      "normal_label_meaning": "General source label; does not establish zero delay or an individual train's punctuality.",
      "brt_coverage": "Long suspensions only; other BRT lateness is outside this reporting coverage.",
      "source_url": "https://traininfo.jreast.co.jp/train_info/e/"
    },
    "request_count": 4,
    "max_requests": 4,
    "sources": [
      {
        "url": "https://traininfo.jreast.co.jp/train_info/chyokyori.aspx",
        "language": "ja",
        "observed_at": "2026-10-03T01:38:22+09:00",
        "source_updated_at": "2026-10-03T01:37:00+09:00",
        "freshness": "fresh",
        "age_seconds": 82,
        "reporting_state": "open",
        "scanned_rows": 13
      },
      {
        "url": "https://traininfo.jreast.co.jp/train_info/e/chyokyori.aspx",
        "language": "en",
        "observed_at": "2026-10-03T01:38:22+09:00",
        "source_updated_at": "2026-10-03T01:37:00+09:00",
        "freshness": "fresh",
        "age_seconds": 82,
        "reporting_state": "open",
        "scanned_rows": 13
      },
      {
        "url": "https://traininfo.jreast.co.jp/train_info/express.aspx?group=wakashio_sazamani#suspension_info",
        "language": "ja",
        "observed_at": "2026-10-03T01:38:22+09:00",
        "source_updated_at": "2026-10-03T01:38:00+09:00",
        "freshness": "fresh",
        "age_seconds": 22,
        "reporting_state": "open",
        "scanned_rows": 4
      },
      {
        "url": "https://traininfo.jreast.co.jp/train_info/e/express.aspx?group=wakashio_sazamani",
        "language": "en",
        "observed_at": "2026-10-03T01:38:22+09:00",
        "source_updated_at": "2026-10-03T01:38:00+09:00",
        "freshness": "fresh",
        "age_seconds": 22,
        "reporting_state": "open",
        "scanned_rows": 4
      }
    ],
    "fetch_failures": [],
    "note": "Affected direction comes from notice text; source_groups are navigation categories. Actual individual train delay remains unknown. English notices may use AI translation.",
    "truncated": false
  },
  "results": [
    {
      "identity_source": "live_source",
      "id": "express:wakashio_sazamani",
      "source_id": "wakashio_sazamani",
      "region": "express",
      "name_ja": "わかしお・さざなみ",
      "name_en": "Wakashio,Sazanami",
      "source_groups": [],
      "reported_statuses": [
        "normal_label",
        "cancelled"
      ],
      "assessment": "reported_cancelled",
      "actual_delay_minutes": null,
      "status_language_conflict": false,
      "english_identity_mapped": true,
      "notice_fact_count": 8,
      "notices": [
        {
          "affected_scope": "unknown",
          "resumption_estimated_minimum_months": null,
          "resumption_is_estimate": false,
          "source_service_name": "わかしお",
          "status": "normal_label",
          "source_label": "平常運転",
          "language": "ja",
          "direction": "unknown",
          "affected_sections": [],
          "planned_work": false,
          "source_date_expressions": [],
          "calendar_year": null,
          "time_approximate": false,
          "replacement_transport": "unknown",
          "source_url": "https://traininfo.jreast.co.jp/train_info/express.aspx?group=wakashio_sazamani#suspension_info"
        },
        {
          "affected_scope": "unknown",
          "resumption_estimated_minimum_months": null,
          "resumption_is_estimate": false,
          "source_service_name": "新宿わかしお",
          "status": "normal_label",
          "source_label": "平常運転",
          "language": "ja",
          "direction": "unknown",
          "affected_sections": [],
          "planned_work": false,
          "source_date_expressions": [],
          "calendar_year": null,
          "time_approximate": false,
          "replacement_transport": "unknown",
          "source_url": "https://traininfo.jreast.co.jp/train_info/express.aspx?group=wakashio_sazamani#suspension_info"
        },
        {
          "affected_scope": "all_sections",
          "resumption_estimated_minimum_months": 3,
          "resumption_is_estimate": true,
          "source_service_name": "さざなみ",
          "status": "cancelled",
          "source_label": "運休",
          "language": "ja",
          "direction": "unknown",
          "affected_sections": [],
          "cause": "台風25号",
          "planned_work": false,
          "source_date_expressions": [],
          "calendar_year": null,
          "time_approximate": false,
          "replacement_transport": "unknown",
          "source_url": "https://traininfo.jreast.co.jp/train_info/express.aspx?group=wakashio_sazamani#suspension_info"
        },
        {
          "affected_scope": "all_sections",
          "resumption_estimated_minimum_months": 3,
          "resumption_is_estimate": true,
          "source_service_name": "新宿さざなみ",
          "status": "cancelled",
          "source_label": "運休",
          "language": "ja",
          "direction": "unknown",
          "affected_sections": [],
          "cause": "台風25号",
          "planned_work": false,
          "source_date_expressions": [],
          "calendar_year": null,
          "time_approximate": false,
          "replacement_transport": "unknown",
          "source_url": "https://traininfo.jreast.co.jp/train_info/express.aspx?group=wakashio_sazamani#suspension_info"
        },
        {
          "affected_scope": "unknown",
          "resumption_estimated_minimum_months": null,
          "resumption_is_estimate": false,
          "source_service_name": "Wakashio",
          "status": "normal_label",
          "source_label": "Normal operation",
          "language": "en",
          "direction": "unknown",
          "affected_sections": [],
          "planned_work": false,
          "source_date_expressions": [],
          "calendar_year": null,
          "time_approximate": false,
          "replacement_transport": "unknown",
          "source_url": "https://traininfo.jreast.co.jp/train_info/e/express.aspx?group=wakashio_sazamani"
        },
        {
          "affected_scope": "unknown",
          "resumption_estimated_minimum_months": null,
          "resumption_is_estimate": false,
          "source_service_name": "Shinjuku Wakashio",
          "status": "normal_label",
          "source_label": "Normal operation",
          "language": "en",
          "direction": "unknown",
          "affected_sections": [],
          "planned_work": false,
          "source_date_expressions": [],
          "calendar_year": null,
          "time_approximate": false,
          "replacement_transport": "unknown",
          "source_url": "https://traininfo.jreast.co.jp/train_info/e/express.aspx?group=wakashio_sazamani"
        },
        {
          "affected_scope": "unknown",
          "resumption_estimated_minimum_months": null,
          "resumption_is_estimate": false,
          "source_service_name": "Sazanami",
          "status": "cancelled",
          "source_label": "Service cancelled",
          "language": "en",
          "direction": "unknown",
          "affected_sections": [],
          "cause": "Typhoon",
          "planned_work": false,
          "source_date_expressions": [],
          "calendar_year": null,
          "time_approximate": false,
          "replacement_transport": "unknown",
          "source_url": "https://traininfo.jreast.co.jp/train_info/e/express.aspx?group=wakashio_sazamani"
        },
        {
          "affected_scope": "unknown",
          "resumption_estimated_minimum_months": null,
          "resumption_is_estimate": false,
          "source_service_name": "Shinjuku Sazanami",
          "status": "cancelled",
          "source_label": "Service cancelled",
          "language": "en",
          "direction": "unknown",
          "affected_sections": [],
          "cause": "Typhoon",
          "planned_work": false,
          "source_date_expressions": [],
          "calendar_year": null,
          "time_approximate": false,
          "replacement_transport": "unknown",
          "source_url": "https://traininfo.jreast.co.jp/train_info/e/express.aspx?group=wakashio_sazamani"
        }
      ],
      "source_ja": "https://traininfo.jreast.co.jp/train_info/express.aspx?group=wakashio_sazamani#suspension_info",
      "source_en": "https://traininfo.jreast.co.jp/train_info/e/express.aspx?group=wakashio_sazamani"
    }
  ]
}
