{
  "meta": {
    "coverage": {
      "actual_delay_minutes": null,
      "brt_coverage": "Long suspensions only; other BRT lateness is outside this reporting coverage.",
      "english_delay_threshold": "anticipated or actual delay in excess of 30 minutes",
      "japanese_delay_threshold": "anticipated or actual delay of 30 minutes or more",
      "normal_label_meaning": "General source label; does not establish zero delay or an individual train's punctuality.",
      "reporting_hours": "04:00–02:00 following day JST",
      "reporting_service_day": "2026-10-02",
      "reporting_state": "open",
      "source_url": "https://traininfo.jreast.co.jp/train_info/e/",
      "threshold_language_difference": true,
      "timezone": "Asia/Tokyo (UTC+09:00)"
    },
    "fetch_failures": [],
    "max_requests": 2,
    "observed_at": "2026-10-03T01:37:58+09:00",
    "request_count": 2,
    "source": "live",
    "sources": [
      {
        "age_seconds": 58,
        "freshness": "fresh",
        "language": "ja",
        "observed_at": "2026-10-03T01:37:58+09:00",
        "reporting_state": "open",
        "scanned_rows": 59,
        "source_updated_at": "2026-10-03T01:37:00+09:00",
        "url": "https://traininfo.jreast.co.jp/train_info/kanto.aspx"
      },
      {
        "age_seconds": 58,
        "freshness": "fresh",
        "language": "en",
        "observed_at": "2026-10-03T01:37:58+09:00",
        "reporting_state": "open",
        "scanned_rows": 59,
        "source_updated_at": "2026-10-03T01:37:00+09:00",
        "url": "https://traininfo.jreast.co.jp/train_info/e/kanto.aspx"
      }
    ],
    "truncated": false
  },
  "results": [
    {
      "id": "kanto:yamanoteline",
      "name_en": "Yamanote Line",
      "name_ja": "山手線"
    }
  ]
}
