{
  "meta": {
    "coverage": {
      "actual_delay_minutes": null,
      "brt_coverage": "Long suspensions only; other BRT lateness is outside this reporting coverage.",
      "english_delay_threshold": "anticipated or actual delay in excess of 30 minutes",
      "japanese_delay_threshold": "anticipated or actual delay of 30 minutes or more",
      "normal_label_meaning": "General source label; does not establish zero delay or an individual train's punctuality.",
      "reporting_hours": "04:00–02:00 following day JST",
      "reporting_service_day": "2026-10-02",
      "reporting_state": "open",
      "source_url": "https://traininfo.jreast.co.jp/train_info/e/",
      "threshold_language_difference": true,
      "timezone": "Asia/Tokyo (UTC+09:00)"
    },
    "fetch_failures": [],
    "max_requests": 1,
    "note": "Regional aggregate labels; source script exposes no update timestamp. Use line status for affected sections and dated source evidence.",
    "observed_at": "2026-10-03T01:37:58+09:00",
    "request_count": 1,
    "source": "live",
    "sources": [
      {
        "age_seconds": null,
        "freshness": "missing_timestamp",
        "language": "en",
        "observed_at": "2026-10-03T01:37:58+09:00",
        "reporting_state": "open",
        "scanned_rows": 5,
        "url": "https://traininfo.jreast.co.jp/train_info/e/infotop.aspx"
      }
    ],
    "truncated": false
  },
  "results": [
    {
      "id": "kanto",
      "name_en": "Kanto Area",
      "name_ja": "関東エリア",
      "reported_status": "suspended",
      "source_en": "https://traininfo.jreast.co.jp/train_info/e/kanto.aspx",
      "source_ja": "https://traininfo.jreast.co.jp/train_info/kanto.aspx",
      "source_label": "Operation suspended"
    },
    {
      "id": "tohoku",
      "name_en": "Tohoku Area",
      "name_ja": "東北エリア",
      "reported_status": "suspended",
      "source_en": "https://traininfo.jreast.co.jp/train_info/e/tohoku.aspx",
      "source_ja": "https://traininfo.jreast.co.jp/train_info/tohoku.aspx",
      "source_label": "Operation suspended"
    },
    {
      "id": "shinetsu",
      "name_en": "Shinetsu Area",
      "name_ja": "信越エリア",
      "reported_status": "notice",
      "source_en": "https://traininfo.jreast.co.jp/train_info/e/shinetsu.aspx",
      "source_ja": "https://traininfo.jreast.co.jp/train_info/shinetsu.aspx",
      "source_label": "Notice"
    },
    {
      "id": "express",
      "name_en": "Express, Night train",
      "name_ja": "在来線特急等",
      "reported_status": "suspended",
      "source_en": "https://traininfo.jreast.co.jp/train_info/e/chyokyori.aspx",
      "source_ja": "https://traininfo.jreast.co.jp/train_info/chyokyori.aspx",
      "source_label": "Operation suspended"
    },
    {
      "id": "shinkansen",
      "name_en": "Shinkansen",
      "name_ja": "新幹線",
      "reported_status": "normal_label",
      "source_en": "https://traininfo.jreast.co.jp/train_info/e/shinkansen.aspx",
      "source_ja": "https://traininfo.jreast.co.jp/train_info/shinkansen.aspx",
      "source_label": "Normal operation"
    }
  ]
}
