01 size_probe                   GET 200    5437B jobs=1 uniq=1 dup=0 totalJobs=584 totalPages=584 page=1 pageSize=1 idsha=716deaf9e225 cache="public" xv="MISS" age="0"
02 full_single                  GET 200 4020739B jobs=584 uniq=584 dup=0 totalJobs=584 totalPages=1 page=1 pageSize=1000 idsha=cae5db8423d9 cache="public" xv="MISS" age="0"
03 default_noparams             GET 200   68780B jobs=10 uniq=10 dup=0 totalJobs=584 totalPages=59 page=1 pageSize=10 idsha=1523ee6bee1d cache="public" xv="MISS" age="0"
04 p2_default_size              GET 200   86872B jobs=10 uniq=10 dup=0 totalJobs=578 totalPages=58 page=2 pageSize=10 idsha=a62105ea9c76 cache="public" xv="STALE" age="14841"
05 walk100_p1                   GET 200  713618B jobs=100 uniq=100 dup=0 totalJobs=584 totalPages=6 page=1 pageSize=100 idsha=114944839aa1 cache="public" xv="MISS" age="0"
06 walk100_p2                   GET 200  658601B jobs=100 uniq=100 dup=0 totalJobs=584 totalPages=6 page=2 pageSize=100 idsha=7649bd1629f1 cache="public" xv="MISS" age="0"
07 walk100_p3                   GET 200  740890B jobs=100 uniq=100 dup=0 totalJobs=584 totalPages=6 page=3 pageSize=100 idsha=e0059b55d81f cache="public" xv="MISS" age="0"
08 walk100_p4                   GET 200  671634B jobs=100 uniq=100 dup=0 totalJobs=584 totalPages=6 page=4 pageSize=100 idsha=1ffd6f0138c0 cache="public" xv="MISS" age="0"
09 walk100_p5                   GET 200  659166B jobs=100 uniq=100 dup=0 totalJobs=584 totalPages=6 page=5 pageSize=100 idsha=f9c33273f1ad cache="public" xv="MISS" age="0"
10 walk100_p6                   GET 200  577167B jobs=84 uniq=84 dup=0 totalJobs=584 totalPages=6 page=6 pageSize=100 idsha=a906c85f7053 cache="public" xv="MISS" age="0"
11 walk100_p7                   GET 200      66B jobs=0 uniq=0 dup=0 totalJobs=584 totalPages=6 page=7 pageSize=100 idsha=e3b0c44298fc cache="public" xv="MISS" age="0"
12 deep_page                    GET 200      68B jobs=0 uniq=0 dup=0 totalJobs=584 totalPages=59 page=999 pageSize=10 idsha=e3b0c44298fc cache="public" xv="MISS" age="0"
13 search_nonsense              GET 200      64B jobs=0 uniq=0 dup=0 totalJobs=0 totalPages=1 page=1 pageSize=100 idsha=e3b0c44298fc cache="public" xv="MISS" age="0"
14 search_engineer              GET 200  732796B jobs=100 uniq=100 dup=0 totalJobs=221 totalPages=3 page=1 pageSize=100 idsha=51c5f50e3fb8 cache="public" xv="MISS" age="0"
15 search_operations            GET 200  763834B jobs=100 uniq=100 dup=0 totalJobs=427 totalPages=5 page=1 pageSize=100 idsha=1b90f86d3aa7 cache="public" xv="MISS" age="0"
16 countries_nonsense           GET 200      64B jobs=0 uniq=0 dup=0 totalJobs=0 totalPages=1 page=1 pageSize=100 idsha=e3b0c44298fc cache="public" xv="MISS" age="0"
17 countries_germany            GET 200  125473B jobs=22 uniq=22 dup=0 totalJobs=22 totalPages=1 page=1 pageSize=100 idsha=aa2f43e31c8e cache="public" xv="MISS" age="0"
18 countries_us                 GET 200  807111B jobs=100 uniq=100 dup=0 totalJobs=289 totalPages=3 page=1 pageSize=100 idsha=411cc46395dc cache="public" xv="MISS" age="0"
19 countries_brackets           GET 200  713615B jobs=100 uniq=100 dup=0 totalJobs=584 totalPages=6 page=1 pageSize=100 idsha=114944839aa1 cache="public" xv="MISS" age="0"
20 countries_multi              GET 200  216603B jobs=36 uniq=36 dup=0 totalJobs=36 totalPages=1 page=1 pageSize=100 idsha=73912e29394c cache="public" xv="MISS" age="0"
21 team_nonsense                GET 200      64B jobs=0 uniq=0 dup=0 totalJobs=0 totalPages=1 page=1 pageSize=100 idsha=e3b0c44298fc cache="public" xv="MISS" age="0"
22 team_engineer                GET 200  765222B jobs=100 uniq=100 dup=0 totalJobs=111 totalPages=2 page=1 pageSize=100 idsha=59ad8bf7c8e6 cache="public" xv="MISS" age="0"
23 team_finance                 GET 200  107382B jobs=14 uniq=14 dup=0 totalJobs=14 totalPages=1 page=1 pageSize=100 idsha=2624606dec0a cache="public" xv="MISS" age="0"
24 subteam_nonsense             GET 200      64B jobs=0 uniq=0 dup=0 totalJobs=0 totalPages=1 page=1 pageSize=100 idsha=e3b0c44298fc cache="public" xv="MISS" age="0"
25 subteam_bizops               GET 200  145149B jobs=19 uniq=19 dup=0 totalJobs=19 totalPages=1 page=1 pageSize=100 idsha=b2ac4113bf1e cache="public" xv="MISS" age="0"
26 subteam_custsupport          GET 200  139926B jobs=22 uniq=22 dup=0 totalJobs=22 totalPages=1 page=1 pageSize=100 idsha=73a8b0987b67 cache="public" xv="MISS" age="0"
27 contract_fulltime            GET 200  711811B jobs=100 uniq=100 dup=0 totalJobs=577 totalPages=6 page=1 pageSize=100 idsha=a1d61039693b cache="public" xv="MISS" age="0"
28 contract_nonsense            GET 200      64B jobs=0 uniq=0 dup=0 totalJobs=0 totalPages=1 page=1 pageSize=100 idsha=e3b0c44298fc cache="public" xv="MISS" age="0"
29 location_berlin              GET 200   70959B jobs=12 uniq=12 dup=0 totalJobs=12 totalPages=1 page=1 pageSize=100 idsha=128c401b2e27 cache="public" xv="MISS" age="0"
30 location_nonsense            GET 200      64B jobs=0 uniq=0 dup=0 totalJobs=0 totalPages=1 page=1 pageSize=100 idsha=e3b0c44298fc cache="public" xv="MISS" age="0"
31 latlng_berlin_50             GET 200   70959B jobs=12 uniq=12 dup=0 totalJobs=12 totalPages=1 page=1 pageSize=100 idsha=128c401b2e27 cache="public" xv="MISS" age="0"
32 experience_nonsense          GET 200      64B jobs=0 uniq=0 dup=0 totalJobs=0 totalPages=1 page=1 pageSize=100 idsha=e3b0c44298fc cache="public" xv="MISS" age="0"
33 businessunits_nonsense       GET 500      72B jobs=0 uniq=0 dup=0 totalJobs=0 totalPages=1 page=nil pageSize=nil idsha=e3b0c44298fc cache="public, max-age=0, must-revalidate" xv="MISS" age="0"
34 recently_viewed              POST 200     806B jobs=2 uniq=2 dup=0 totalJobs=nil totalPages=nil page=nil pageSize=nil idsha=82aa08a1647d cache="private, max-age=60, stale-while-revalidate=30" xv="MISS" age=""
35 recommendations              POST 200      11B jobs=0 uniq=0 dup=0 totalJobs=nil totalPages=nil page=nil pageSize=nil idsha=e3b0c44298fc cache="private, max-age=60, stale-while-revalidate=30" xv="MISS" age=""
36 facets_html                  GET 200  207172B ct="text/html; charset=utf-8" cache="public, max-age=0, must-revalidate" xv="HIT" age="144"
