=== RUN   TestLiveMultiRegionCategories
=== RUN   TestLiveMultiRegionCategories/tokyo_art
    live_test.go:62: PASS command=["search" "--prefecture" "tokyo" "--category" "art-exhibitions" "--from" "2026-09-27" "--to" "2026-09-30" "--max-pages" "3" "--limit" "10"] stdout_bytes=24492 wall_ms=1900 diagnostics=""
    live_test.go:116: PASS assertions=50 unique_events=10 scanned_pages=2 detail_count=0 request_count=2
=== RUN   TestLiveMultiRegionCategories/kyoto_festival
    live_test.go:62: PASS command=["search" "--prefecture" "kyoto" "--category" "festival" "--from" "2026-10-01" "--to" "2026-10-31" "--max-pages" "3" "--limit" "10"] stdout_bytes=22631 wall_ms=896 diagnostics=""
    live_test.go:116: PASS assertions=50 unique_events=10 scanned_pages=2 detail_count=0 request_count=2
=== RUN   TestLiveMultiRegionCategories/hokkaido_fireworks
    live_test.go:62: PASS command=["search" "--prefecture" "hokkaido" "--category" "fireworks" "--from" "2026-10-01" "--to" "2026-10-31" "--max-pages" "3" "--limit" "10"] stdout_bytes=5497 wall_ms=474 diagnostics=""
    live_test.go:116: PASS assertions=10 unique_events=2 scanned_pages=1 detail_count=0 request_count=1
=== RUN   TestLiveMultiRegionCategories/miyagi_art
    live_test.go:62: PASS command=["search" "--prefecture" "miyagi" "--category" "art-exhibitions" "--from" "2026-10-01" "--to" "2026-10-31" "--max-pages" "3" "--limit" "10"] stdout_bytes=5818 wall_ms=479 diagnostics=""
    live_test.go:116: PASS assertions=10 unique_events=2 scanned_pages=1 detail_count=0 request_count=1
--- PASS: TestLiveMultiRegionCategories (3.75s)
    --- PASS: TestLiveMultiRegionCategories/tokyo_art (1.90s)
    --- PASS: TestLiveMultiRegionCategories/kyoto_festival (0.90s)
    --- PASS: TestLiveMultiRegionCategories/hokkaido_fireworks (0.47s)
    --- PASS: TestLiveMultiRegionCategories/miyagi_art (0.48s)
=== RUN   TestLiveKnownDetailEvidence
=== RUN   TestLiveKnownDetailEvidence/free_optional_purchases
    live_test.go:162: PASS command=["event" "ar0726e612484"] stdout_bytes=3285 wall_ms=1729 diagnostics=""
    live_test.go:175: PASS actual source evidence id=ar0726e612484 title="京都パンフェスティバルin上賀茂神社 2026" requests=3
=== RUN   TestLiveKnownDetailEvidence/paid_reservations
    live_test.go:162: PASS command=["event" "ar0313e603640"] stdout_bytes=3728 wall_ms=1032 diagnostics=""
    live_test.go:175: PASS actual source evidence id=ar0313e603640 title="はてな展" requests=3
=== RUN   TestLiveKnownDetailEvidence/weather
    live_test.go:162: PASS command=["event" "ar0101e66092"] stdout_bytes=3011 wall_ms=1441 diagnostics=""
    live_test.go:175: PASS actual source evidence id=ar0101e66092 title="第45回 洞爺湖ロングラン花火大会" requests=3
=== RUN   TestLiveKnownDetailEvidence/indoor
    live_test.go:162: PASS command=["event" "ar0727e612159"] stdout_bytes=2885 wall_ms=1710 diagnostics=""
    live_test.go:175: PASS actual source evidence id=ar0727e612159 title="緑と生き物メダカカーニバルVol.7" requests=3
=== RUN   TestLiveKnownDetailEvidence/holiday_rule
    live_test.go:162: PASS command=["event" "ar0204e612432"] stdout_bytes=4462 wall_ms=1474 diagnostics=""
    live_test.go:175: PASS actual source evidence id=ar0204e612432 title="ポケモン×工芸展ー美とわざの大発見ー(宮城)" requests=3
--- PASS: TestLiveKnownDetailEvidence (7.39s)
    --- PASS: TestLiveKnownDetailEvidence/free_optional_purchases (1.73s)
    --- PASS: TestLiveKnownDetailEvidence/paid_reservations (1.03s)
    --- PASS: TestLiveKnownDetailEvidence/weather (1.44s)
    --- PASS: TestLiveKnownDetailEvidence/indoor (1.71s)
    --- PASS: TestLiveKnownDetailEvidence/holiday_rule (1.47s)
=== RUN   TestLiveShortlistAndWrongYear
    live_test.go:183: PASS command=["shortlist" "--prefecture" "kyoto" "--category" "festival" "--from" "2026-10-01" "--to" "2026-10-31" "--max-pages" "1" "--max-details" "3" "--limit" "3"] stdout_bytes=10645 wall_ms=4529 diagnostics=""
    live_test.go:227: PASS command=["event" "ar0726e612292" "--select" "id,location.venue"] stdout_bytes=512 wall_ms=1025 diagnostics=""
    live_test.go:232: PASS shortlist events=3 details=3 requests=10
    live_test.go:233: PASS command=["search" "--prefecture" "kyoto" "--category" "festival" "--from" "2100-10-01" "--to" "2100-10-31" "--max-pages" "1"] stdout_bytes=1001 wall_ms=47 diagnostics=""
    live_test.go:237: PASS negative wrong-year assertion: events=[] after one actual source page
--- PASS: TestLiveShortlistAndWrongYear (5.60s)
=== RUN   TestLiveCatalogs
    live_test.go:243: PASS command=["categories"] stdout_bytes=5798 wall_ms=9 diagnostics=""
    live_test.go:260: PASS command=["areas"] stdout_bytes=6758 wall_ms=9 diagnostics=""
    live_test.go:264: PASS command=["areas" "--prefecture" "tokyo"] stdout_bytes=4735 wall_ms=43 diagnostics=""
    live_test.go:277: PASS catalogs categories=36 prefectures=47 Tokyo_cities=28
--- PASS: TestLiveCatalogs (0.06s)
=== RUN   TestLiveCityCodesAliasesAndPrefecture
    live_test.go:283: PASS command=["areas" "--prefecture" "tokyo"] stdout_bytes=4735 wall_ms=46 diagnostics=""
=== RUN   TestLiveCityCodesAliasesAndPrefecture/ar0313104
    live_test.go:297: PASS command=["search" "--prefecture" "tokyo" "--city" "ar0313104" "--limit" "3" "--max-pages" "1"] stdout_bytes=7484 wall_ms=1019 diagnostics=""
    live_test.go:334: PASS city=ar0313104 events=3 catalog_requests=1 event_pages=1 actual_HTTP=2
=== RUN   TestLiveCityCodesAliasesAndPrefecture/shinjuku
    live_test.go:297: PASS command=["search" "--prefecture" "tokyo" "--city" "shinjuku" "--limit" "3" "--max-pages" "1"] stdout_bytes=7483 wall_ms=526 diagnostics=""
    live_test.go:334: PASS city=shinjuku events=3 catalog_requests=1 event_pages=1 actual_HTTP=2
=== RUN   TestLiveCityCodesAliasesAndPrefecture/新宿区
    live_test.go:297: PASS command=["search" "--prefecture" "tokyo" "--city" "新宿区" "--limit" "3" "--max-pages" "1"] stdout_bytes=7483 wall_ms=528 diagnostics=""
    live_test.go:334: PASS city=新宿区 events=3 catalog_requests=1 event_pages=1 actual_HTTP=2
=== RUN   TestLiveCityCodesAliasesAndPrefecture/wrong_prefecture_ar0313104
    live_test.go:356: PASS negative city=ar0313104 prefecture=kyoto exit2 no successful event result
=== RUN   TestLiveCityCodesAliasesAndPrefecture/wrong_prefecture_shinjuku
    live_test.go:356: PASS negative city=shinjuku prefecture=kyoto exit2 no successful event result
--- PASS: TestLiveCityCodesAliasesAndPrefecture (2.72s)
    --- PASS: TestLiveCityCodesAliasesAndPrefecture/ar0313104 (1.02s)
    --- PASS: TestLiveCityCodesAliasesAndPrefecture/shinjuku (0.53s)
    --- PASS: TestLiveCityCodesAliasesAndPrefecture/新宿区 (0.53s)
    --- PASS: TestLiveCityCodesAliasesAndPrefecture/wrong_prefecture_ar0313104 (0.01s)
    --- PASS: TestLiveCityCodesAliasesAndPrefecture/wrong_prefecture_shinjuku (0.59s)
=== RUN   TestLiveFreeAdmissionShortlist
    live_test.go:364: PASS command=["shortlist" "--prefecture" "kyoto" "--category" "festival" "--from" "2026-10-10" "--to" "2026-10-11" "--free" "--max-pages" "3" "--max-details" "10" "--limit" "10"] stdout_bytes=10713 wall_ms=6952 diagnostics=""
    live_test.go:386: PASS --free Kyoto Oct10-11 includes ar0726e612484 with paid-purchase caveat; events=3 details=4 actual_HTTP=14
--- PASS: TestLiveFreeAdmissionShortlist (6.95s)
=== RUN   TestLiveTimingBoundaryModes
=== RUN   TestLiveTimingBoundaryModes/starts
    live_test.go:394: PASS command=["shortlist" "--prefecture" "hokkaido" "--category" "fireworks" "--from" "2026-10-01" "--to" "2026-10-15" "--timing" "starts" "--max-pages" "1" "--max-details" "2" "--limit" "2"] stdout_bytes=4166 wall_ms=4066 diagnostics=""
    live_test.go:426: PASS starts: TomakomaiOct10 included, long-run excluded, every source boundary insideOct1-15; events=1 details=1 HTTP=4
=== RUN   TestLiveTimingBoundaryModes/ends
    live_test.go:394: PASS command=["shortlist" "--prefecture" "hokkaido" "--category" "fireworks" "--from" "2026-10-01" "--to" "2026-10-15" "--timing" "ends" "--max-pages" "1" "--max-details" "2" "--limit" "2"] stdout_bytes=4160 wall_ms=1557 diagnostics=""
    live_test.go:426: PASS ends: TomakomaiOct10 included, long-run excluded, every source boundary insideOct1-15; events=1 details=1 HTTP=4
--- PASS: TestLiveTimingBoundaryModes (5.63s)
    --- PASS: TestLiveTimingBoundaryModes/starts (4.07s)
    --- PASS: TestLiveTimingBoundaryModes/ends (1.56s)
=== RUN   TestLiveIndoorShortlist
    live_test.go:437: PASS command=["shortlist" "--prefecture" "osaka" "--city" "ar0727100" "--category" "exhibitions" "--from" "2026-10-11" "--to" "2026-10-11" "--indoor" "--max-pages" "1" "--max-details" "3" "--limit" "3"] stdout_bytes=4094 wall_ms=7681 diagnostics=""
    live_test.go:468: PASS --indoor: actual e612159 Oct11 included; every returned indoor=true; events=1 details=3 catalog_HTTP=1 total_HTTP=11
--- PASS: TestLiveIndoorShortlist (7.68s)
PASS
ok  	github.com/mvanhorn/printing-press-library/library/travel/walkerplus/tests	39.949s
